pic51: Extra metadata could not be sent to the agent
pic51: Extra metadata could not be sent to the agent
Cleaning case /fs1/roberts/openfoam/runs/run/pimpleFoam/RAS/rotatingFanInRoom
Running surfaceFeatureExtract on /fs1/roberts/openfoam/runs/run/pimpleFoam/RAS/rotatingFanInRoom
Running blockMesh on /fs1/roberts/openfoam/runs/run/pimpleFoam/RAS/rotatingFanInRoom
Running snappyHexMesh on /fs1/roberts/openfoam/runs/run/pimpleFoam/RAS/rotatingFanInRoom
Running renumberMesh on /fs1/roberts/openfoam/runs/run/pimpleFoam/RAS/rotatingFanInRoom
Running createPatch on /fs1/roberts/openfoam/runs/run/pimpleFoam/RAS/rotatingFanInRoom
Restore 0/ from 0.orig/
Running decomposePar on /fs1/roberts/openfoam/runs/run/pimpleFoam/RAS/rotatingFanInRoom
Running pimpleFoam (4 processes) on /fs1/roberts/openfoam/runs/run/pimpleFoam/RAS/rotatingFanInRoom 
Running reconstructPar on /fs1/roberts/openfoam/runs/run/pimpleFoam/RAS/rotatingFanInRoom

real	25m8.085s
user	74m53.073s
sys	1m36.652s
